
[stage2] ready - RV32IMAC NEORV32 loader
[stage2] CLK=0x02faf080
[stage2] SDRAM word-write test...
[stage2] SDRAM test PASS
[stage2] l=xmodem s=smoke d=dump w=wtest W=wmulti R=rdhdr B=baud b=bootSD t=tpuVerify g=genRbf P=epcsProbe r=reconfig
[stage2] CRTM locked — waiting for host command
[P] diagnostic STATUS-trace probe v1
[P] s0 idle STATUS=0x00000000 RADDR=0x00000000
[P] --- Phase A: RDSR ---
[P] A1 after CTRL=RD_STATUS STATUS=0x00000001
[P] A2 wait i=0x00000000 STATUS=0x00000001 ESTAT=0x00000000
[P] A2 done i=0x00000007 final=0x00000000 OK
[P] A3 ESTAT=0x00000000
[P] A4 after CTRL=0 release i=0x00000001 STATUS=0x00000000 OK
[P] --- A2X: RDSR workaround (delay-then-read) ---
[P] A5 after ~256-cycle delay STATUS=0x00000001 ESTAT=0x00000000
[P] A6 workaround release i=0x00000000 STATUS=0x00000000 OK
[P] --- Phase B: READ 1B @0 (post-NH9: b0 is no-op) ---
[P] B0 ADDR=0 STATUS=0x00000000
[P] B1 after CTRL=READ STATUS=0x00000000
[P] B2 done i=0x00000000 final=0x00000000 OK
[P] B3 after CTRL=READ|SHIFT_BYTES STATUS=0x00000000
[P] B4 dv_wait i=0x00000000 STATUS=0x00000000
[P] B4 dv_wait i=0x00100000 STATUS=0x00000000
[P] B4 dv_wait i=0x00200000 STATUS=0x00000000
[P] B4 dv_wait i=0x00300000 STATUS=0x00000000
[P] B4 dv_wait i=0x00400000 STATUS=0x00000000
[P] B4 dv_wait i=0x00500000 STATUS=0x00000000
[P] B4 dv_wait i=0x00600000 STATUS=0x00000000
[P] B4 dv_wait i=0x00700000 STATUS=0x00000000
[P] B4 dv_wait i=0x00800000 STATUS=0x00000000
[P] B4 dv_wait i=0x00900000 STATUS=0x00000000
[P] B4 done i=0x00989680 final=0x00000000 TIMEOUT
[P] B5b after CTRL=READ|RDEN_DROP STATUS=0x00000000
[P] B5c post_rden_drop_wait i=0x00000000 final=0x00000000 OK
[P] B6 after CTRL=0 STATUS=0x00000000
[P] --- Phase C: FAST_READ 4B @0 ---
[P] C-pre-addr RADDR=0x00000000
[P] C0 ADDR=0 STATUS=0x00000000 RADDR=0x00000000
[P] C1 after CTRL=FAST_READ STATUS=0x00000003
[P] C2 byte=0x00000000 wait_dv i=0x00000000 STATUS=0x00000003 DATAOUT=0x000000ff
[P] C2 byte=0x00000001 wait_dv i=0x00000000 STATUS=0x00000003 DATAOUT=0x00000041
[P] C2 byte=0x00000002 wait_dv i=0x00000000 STATUS=0x00000003 DATAOUT=0x00000021
[P] C2 byte=0x00000003 wait_dv i=0x00000000 STATUS=0x00000003 DATAOUT=0x0000000f
[P] C3 after CTRL=FAST_READ|RDEN_DROP STATUS=0x00000003
[P] C4 post_rden_drop_wait i=0x00989680 final=0x00000003 TIMEOUT
[P] C5 after CTRL=0 STATUS=0x00000002 RADDR=0x00081e7f
[P] C6 release_wait i=0x00000000 STATUS=0x00000002
[P] --- Phase D: cross-address sanity ---
[P] D0x00000000 pre-addr RADDR=0x00000000
[P] D0x00000000 post-addr RADDR=0x00000000
[P] D0x00000000 addr=0x00100000 byte=0x00000000 i=0x00000002 DATAOUT=0x00000000
[P] D0x00000000 addr=0x00100000 byte=0x00000001 i=0x00000000 DATAOUT=0x000000ff
[P] D0x00000000 addr=0x00100000 byte=0x00000002 i=0x00000000 DATAOUT=0x000000ff
[P] D0x00000000 addr=0x00100000 byte=0x00000003 i=0x00000000 DATAOUT=0x000000ff
[P] D0x00000001 pre-addr RADDR=0x00000000
[P] D0x00000001 post-addr RADDR=0x00000000
[P] D0x00000001 addr=0x00000000 byte=0x00000000 i=0x00000002 DATAOUT=0x000000ff
[P] D0x00000001 addr=0x00000000 byte=0x00000001 i=0x00000000 DATAOUT=0x0000008c
[P] D0x00000001 addr=0x00000000 byte=0x00000002 i=0x00000000 DATAOUT=0x00000014
[P] D0x00000001 addr=0x00000000 byte=0x00000003 i=0x00000000 DATAOUT=0x00000000
[P] D0x00000002 pre-addr RADDR=0x00000000
[P] D0x00000002 post-addr RADDR=0x00000000
[P] D0x00000002 addr=0x00000010 byte=0x00000000 i=0x00000002 DATAOUT=0x00000000
[P] D0x00000002 addr=0x00000010 byte=0x00000001 i=0x00000000 DATAOUT=0x00000022
[P] D0x00000002 addr=0x00000010 byte=0x00000002 i=0x00000000 DATAOUT=0x00000000
[P] D0x00000002 addr=0x00000010 byte=0x00000003 i=0x00000000 DATAOUT=0x00000014
[P] --- Phase E: NH15 one-byte-per-op @0 ---
[P] E addr=0x00000000 wait_dv wi=0x00000001 STATUS=0x00000003 DATAOUT=0x000000ff
[P] E addr=0x00000001 wait_dv wi=0x00000001 STATUS=0x00000003 DATAOUT=0x00000000
[P] E addr=0x00000002 wait_dv wi=0x00000001 STATUS=0x00000003 DATAOUT=0x00000000
[P] E addr=0x00000003 wait_dv wi=0x00000001 STATUS=0x00000003 DATAOUT=0x00000000
[P] --- Phase F: NH16 phantom-skip one-byte-per-op @0 ---
[P] F addr=0x00000000 phantom=0x000000ff REAL=0x000000ff (phantom_wi=0x00000003 real_wi=0x00000000)
[P] F addr=0x00000001 phantom=0x00000000 REAL=0x000000ff (phantom_wi=0x00000003 real_wi=0x00000000)
[P] F addr=0x00000002 phantom=0x00000000 REAL=0x000000ff (phantom_wi=0x00000003 real_wi=0x00000000)
[P] F addr=0x00000003 phantom=0x00000000 REAL=0x000000ff (phantom_wi=0x00000003 real_wi=0x00000000)
[P] diagnostic DONE
[stage2] ready for next cmd
