[stage2] Mode: read reconfig source (Path B)
[rot] reconfig source = 0x00000000  (unknown)
[stage2] ready for next cmd
[stage2] Mode: read reconfig source (Path B)
[rot] reconfig source = 0x00000000  (unknown)
[stage2] ready for next cmd
[stage2] Mode: read reconfig source (Path B)
[rot] reconfig source = 0x00000000  (unknown)
[stage2] ready for next cmd
[stage2] Mode: read reconfig source (Path B)
[rot] reconfig source = 0x00000000  (unknown)
[stage2] ready for next cmd
[stage2] Mode: read reconfig source (Path B)
[rot] reconfig source = 0x00000000  (unknown)
[stage2] ready for next cmd
[P] diagnostic STATUS-trace probe v1
[P] s0 idle STATUS=0x00000000 RADDR=0x00000000
[P] --- Phase A: RDSR ---
[P] A1 after CTRL=RD_STATUS STATUS=0x00000002
[P] A2 done i=0x00000000 final=0x00000002 OK
[P] A3 ESTAT=0x00000000
[P] A4 after CTRL=0 release i=0x00000000 STATUS=0x00000002 OK
[P] --- A2X: RDSR workaround (delay-then-read) ---
[P] A5 after ~256-cycle delay STATUS=0x00000002 ESTAT=0x00000000
[P] A6 workaround release i=0x00000000 STATUS=0x00000002 OK
[P] --- Phase B: READ 1B @0 (post-NH9: b0 is no-op) ---
[P] B0 ADDR=0 STATUS=0x00000002
[P] B1 after CTRL=READ STATUS=0x00000002
[P] B2 done i=0x00000000 final=0x00000002 OK
[P] B3 after CTRL=READ|SHIFT_BYTES STATUS=0x00000000
[P] B4 dv_wait i=0x00000000 STATUS=0x00000000
[P] B4 dv_wait i=0x00100000 STATUS=0x00000000
[P] B4 dv_wait i=0x00200000 STATUS=0x00000000
[P] B4 dv_wait i=0x00300000 STATUS=0x00000000
[P] B4 dv_wait i=0x00400000 STATUS=0x00000000
[P] B4 dv_wait i=0x00500000 STATUS=0x00000000
[P] B4 dv_wait i=0x00600000 STATUS=0x00000000
[P] B4 dv_wait i=0x00700000 STATUS=0x00000000
[P] B4 dv_wait i=0x00800000 STATUS=0x00000000
[P] B4 dv_wait i=0x00900000 STATUS=0x00000000
[P] B4 done i=0x00989680 final=0x00000000 TIMEOUT
[P] B5b after CTRL=READ|RDEN_DROP STATUS=0x00000000
[P] B5c post_rden_drop_wait i=0x00000000 final=0x00000000 OK
[P] B6 after CTRL=0 STATUS=0x00000000
[P] --- Phase C: FAST_READ 4B @0 ---
[P] C-pre-addr RADDR=0x00000000
[P] C0 ADDR=0 STATUS=0x00000000 RADDR=0x00000000
[P] C1 after CTRL=FAST_READ STATUS=0x00000003
[P] C2 byte=0x00000000 wait_dv i=0x00000001 STATUS=0x00000003 DATAOUT=0x000000ff
[P] C2 byte=0x00000001 wait_dv i=0x00000001 STATUS=0x00000003 DATAOUT=0x000000ff
[P] C2 byte=0x00000002 wait_dv i=0x00000001 STATUS=0x00000003 DATAOUT=0x000000ff
[P] C2 byte=0x00000003 wait_dv i=0x00000001 STATUS=0x00000003 DATAOUT=0x000000ff
[P] C3 after CTRL=FAST_READ|RDEN_DROP STATUS=0x00000003
[P] C4 post_rden_drop_wait i=0x00989680 final=0x00000003 TIMEOUT
[P] C5 after CTRL=0 STATUS=0x00000002 RADDR=0x00000009
[P] C6 release_wait i=0x00000000 STATUS=0x00000002
[P] --- Phase D: cross-address sanity ---
[P] D0x00000000 pre-addr RADDR=0x00000000
[P] D0x00000000 post-addr RADDR=0x00000000
[P] D0x00000000 addr=0x00100000 byte=0x00000000 i=0x00000005 DATAOUT=0x000000ff
[P] D0x00000000 addr=0x00100000 byte=0x00000001 i=0x00000001 DATAOUT=0x000000ff
[P] D0x00000000 addr=0x00100000 byte=0x00000002 i=0x00000001 DATAOUT=0x000000ff
[P] D0x00000000 addr=0x00100000 byte=0x00000003 i=0x00000001 DATAOUT=0x000000ff
[P] D0x00000001 pre-addr RADDR=0x00000000
[P] D0x00000001 post-addr RADDR=0x00000000
[P] D0x00000001 addr=0x00000000 byte=0x00000000 i=0x00000005 DATAOUT=0x000000ff
[P] D0x00000001 addr=0x00000000 byte=0x00000001 i=0x00000001 DATAOUT=0x000000ff
[P] D0x00000001 addr=0x00000000 byte=0x00000002 i=0x00000001 DATAOUT=0x000000ff
[P] D0x00000001 addr=0x00000000 byte=0x00000003 i=0x00000001 DATAOUT=0x000000ff
[P] D0x00000002 pre-addr RADDR=0x00000000
[P] D0x00000002 post-addr RADDR=0x00000000
[P] D0x00000002 addr=0x00000010 byte=0x00000000 i=0x00000005 DATAOUT=0x000000ff
[P] D0x00000002 addr=0x00000010 byte=0x00000001 i=0x00000001 DATAOUT=0x000000ff
[P] D0x00000002 addr=0x00000010 byte=0x00000002 i=0x00000001 DATAOUT=0x000000ff
[P] D0x00000002 addr=0x00000010 byte=0x00000003 i=0x00000001 DATAOUT=0x000000ff
[P] --- Phase E: Plan B reverify @0x20 ---
[P] E addr=0x00000020 wait_dv wi=0x0000000a STATUS=0x00000003 DATAOUT=0x00000056
[P] E addr=0x00000021 wait_dv wi=0x0000000a STATUS=0x00000003 DATAOUT=0x000000ef
[P] E addr=0x00000022 wait_dv wi=0x0000000a STATUS=0x00000003 DATAOUT=0x000000ef
[P] E addr=0x00000023 wait_dv wi=0x0000000a STATUS=0x00000003 DATAOUT=0x000000ef
[P] E addr=0x00000024 wait_dv wi=0x0000000a STATUS=0x00000003 DATAOUT=0x000000ef
[P] E addr=0x00000025 wait_dv wi=0x0000000a STATUS=0x00000003 DATAOUT=0x000000ef
[P] E addr=0x00000026 wait_dv wi=0x0000000a STATUS=0x00000003 DATAOUT=0x000000ef
[P] E addr=0x00000027 wait_dv wi=0x0000000a STATUS=0x00000003 DATAOUT=0x000000cf
[P] E addr=0x00000028 wait_dv wi=0x0000000a STATUS=0x00000003 DATAOUT=0x000000df
[P] E addr=0x00000029 wait_dv wi=0x0000000a STATUS=0x00000003 DATAOUT=0x000000cf
[P] E addr=0x0000002a wait_dv wi=0x0000000a STATUS=0x00000003 DATAOUT=0x0000000f
[P] E addr=0x0000002b wait_dv wi=0x0000000a STATUS=0x00000003 DATAOUT=0x0000005f
[P] E addr=0x0000002c wait_dv wi=0x0000000a STATUS=0x00000003 DATAOUT=0x0000001f
[P] E addr=0x0000002d wait_dv wi=0x0000000a STATUS=0x00000003 DATAOUT=0x0000008f
[P] E addr=0x0000002e wait_dv wi=0x0000000a STATUS=0x00000003 DATAOUT=0x0000009f
[P] E addr=0x0000002f wait_dv wi=0x0000000a STATUS=0x00000003 DATAOUT=0x0000009f
[P] --- Phase F: NH16 phantom-skip one-byte-per-op @0 ---
[P] F addr=0x00000000 phantom=0x000000ff REAL=0x000000ff (phantom_wi=0x0000000a real_wi=0x00000002)
[P] F addr=0x00000001 phantom=0x000000ff REAL=0x000000ff (phantom_wi=0x0000000a real_wi=0x00000002)
[P] F addr=0x00000002 phantom=0x000000ff REAL=0x000000ff (phantom_wi=0x0000000a real_wi=0x00000002)
[P] F addr=0x00000003 phantom=0x000000ff REAL=0x000000ff (phantom_wi=0x0000000a real_wi=0x00000002)
[P] --- Phase G: WREN + RDSR cycle ---
[P] G1 initial RDSR wi=0x00000000 RDSR=0x000000ff (WIP=0x00000001 WEL=0x00000001)
[P] G2 WREN done busy_wait_wi=0x00000002
[P] G3 RDSR_after_WREN wi=0x00000003 RDSR=0x00000002 (WIP=0x00000000 WEL=0x00000001)
[P] --- Phase H: SECTOR ERASE @0x100000 ---
[P] H2 SEC_ERASE sent busy_wait_wi=0x00000007
[P] H3 WIP-poll iter=0x000039a7 final_RDSR=0x00000000
[P] --- Phase I: PAGE PROGRAM @0x100000 pattern DEADBEEFCAFEBABE ---
[P] I3 byte=0x00000000 wait_ready wi=0x00000006 STATUS=0x00000003
[P] I3 byte=0x00000001 wait_ready wi=0x00000000 STATUS=0x00000003
[P] I3 byte=0x00000002 wait_ready wi=0x00000000 STATUS=0x00000003
[P] I3 byte=0x00000003 wait_ready wi=0x00000000 STATUS=0x00000003
[P] I3 byte=0x00000004 wait_ready wi=0x00000000 STATUS=0x00000003
[P] I3 byte=0x00000005 wait_ready wi=0x00000000 STATUS=0x00000003
[P] I3 byte=0x00000006 wait_ready wi=0x00000000 STATUS=0x00000003
[P] I3 byte=7 wait_ready wi=0x00000000
[P] I5 WIP-poll iter=0x00000002 final_RDSR=0x00000000
[P] I6 addr=0x100000+0x00000000 got=0x000000de want=0x000000de OK
[P] I6 addr=0x100000+0x00000001 got=0x000000ad want=0x000000ad OK
[P] I6 addr=0x100000+0x00000002 got=0x000000be want=0x000000be OK
[P] I6 addr=0x100000+0x00000003 got=0x000000ef want=0x000000ef OK
[P] I6 addr=0x100000+0x00000004 got=0x000000ca want=0x000000ca OK
[P] I6 addr=0x100000+0x00000005 got=0x000000fe want=0x000000fe OK
[P] I6 addr=0x100000+0x00000006 got=0x000000ba want=0x000000ba OK
[P] I6 addr=0x100000+0x00000007 got=0x000000be want=0x000000be OK
[P] I-verdict match=0x00000008/8
[P] diagnostic DONE
[stage2] ready for next cmd
[!] unknown mode byte — ignored
[stage2] ready for next cmd
[!] unknown mode byte — ignored
[stage2] ready for next cmd
[!] unknown mode byte — ignored
[stage2] ready for next cmd
[!] unknown mode byte — ignored
[stage2] ready for next cmd
